// Jest Snapshot v1, https://goo.gl/fbAQLP

exports[`Form Should match snapshot 1`] = `"<input value=\\"\\" class=\\"styled__StInput-sc-c3z9ep-0 feLlzU\\"/>"`;
