// Jest Snapshot v1, https://goo.gl/fbAQLP

exports[`Form Should match snapshot 1`] = `"<div class=\\"styled__StConvertItem-sc-cq8jb4-0 calHuE\\"><input value=\\"\\" class=\\"styled__StInput-sc-c3z9ep-0 feLlzU\\"/><select class=\\"styled__StSelect-sc-7l3rob-0\\"><option selected=\\"\\" value=\\"UAH\\" class=\\"styled__StOption-sc-7l3rob-1\\">UAH</option><option value=\\"EUR\\" class=\\"styled__StOption-sc-7l3rob-1\\">EUR</option><option value=\\"USD\\" class=\\"styled__StOption-sc-7l3rob-1\\">USD</option><option value=\\"RUB\\" class=\\"styled__StOption-sc-7l3rob-1\\">RUB</option></select></div>"`;
