// Jest Snapshot v1, https://goo.gl/fbAQLP

exports[`Form Should match snapshot 1`] = `"<button class=\\"styled__StButton-sc-z42suv-0 dyLAGI\\">Convert</button>"`;
