// Jest Snapshot v1, https://goo.gl/fbAQLP

exports[`Button Should match snapshot 1`] = `"<button mode=\\"primary\\" class=\\"styled__StButton-iorpwz-0 GXmVc\\">Mock Value</button>"`;
