// Jest Snapshot v1, https://goo.gl/fbAQLP

exports[`FormItem Should match snapshot 1`] = `"<div class=\\"styled__StFormItem-p2kz64-1 kSxDuO\\"><span>title</span><input value=\\"value\\" placeholder=\\"placeholder\\"/></div>"`;
