// Jest Snapshot v1, https://goo.gl/fbAQLP

exports[`Header with modal Should match snapshot 1`] = `"<header class=\\"styled__StHeader-ycxa9o-0 fXYztV\\"><div>Person Manager</div><div><button mode=\\"primary\\" class=\\"styled__StButton-iorpwz-0 GXmVc\\">Add person</button><select><option selected=\\"\\" value=\\"dark\\">dark</option><option value=\\"light\\">light</option></select></div><div class=\\"styled__StModalBackground-k7b4xf-0 eVoaqV\\"><div class=\\"styled__StModal-k7b4xf-1 fUfvem\\"><div class=\\"styled__StModalHeader-sc-1ozqfyh-0 jmUcbk\\"><h1>Add person</h1><span>⨯</span></div><div class=\\"styled__StForm-p2kz64-0 kNCWSz\\"><div class=\\"styled__StFormItem-p2kz64-1 kSxDuO\\"><span>Имя</span><input value=\\"\\" placeholder=\\"Введите имя\\"/></div><div class=\\"styled__StFormItem-p2kz64-1 kSxDuO\\"><span>Возраст</span><input value=\\"\\" placeholder=\\"Введите возраст\\"/></div><div class=\\"styled__StFormItem-p2kz64-1 kSxDuO\\"><span>Телефон</span><input value=\\"\\" placeholder=\\"Введите телефон\\"/></div><div class=\\"styled__StFormItem-p2kz64-1 kSxDuO\\"><span>Email</span><input value=\\"\\" placeholder=\\"Введите email\\"/></div><div class=\\"styled__StFormItem-p2kz64-1 kSxDuO\\"><span>Компания</span><input value=\\"\\" placeholder=\\"Название компании\\"/></div></div><div class=\\"styled__StBtnGroup-c54mt-0 RBvzV\\"><button mode=\\"primary\\" class=\\"styled__StButton-iorpwz-0 GXmVc\\">Отправить</button><button mode=\\"cancel\\" class=\\"styled__StButton-iorpwz-0 nuamV\\">Отменить</button></div></div></div></header>"`;

exports[`Header without modal Should match snapshot 1`] = `"<header class=\\"styled__StHeader-ycxa9o-0 fXYztV\\"><div>Person Manager</div><div><button mode=\\"primary\\" class=\\"styled__StButton-iorpwz-0 GXmVc\\">Add person</button><select><option selected=\\"\\" value=\\"dark\\">dark</option><option value=\\"light\\">light</option></select></div></header>"`;
