// Jest Snapshot v1, https://goo.gl/fbAQLP

exports[`ThemeSelect Should match snapshot 1`] = `"<select><option selected=\\"\\" value=\\"dark\\">dark</option><option value=\\"light\\">light</option></select>"`;
